// Jest Snapshot v1, https://goo.gl/fbAQLP

exports[`CTools index should match snapshot 1`] = `
<LoadableComponent
  cdfEmbedPath=""
  dashboardPath=""
>
  <loading
    error={null}
    isLoading={true}
    pastDelay={false}
    retry={[Function]}
    timedOut={false}
  >
    <DefaultLoading>
      <p>
        loading...
      </p>
    </DefaultLoading>
  </loading>
</LoadableComponent>
`;
